dem-14-8022-6179.png 80115
dem-14-8022-6178.png 89839
dem-14-8023-6176.png 87092
dem-14-8023-6177.png 88340
dem-14-8023-6178.png 89369
dem-14-8023-6179.png 85366
dem-14-8024-6177.png 87307
dem-14-8024-6176.png 87539
dem-14-8024-6178.png 90321
dem-14-8024-6179.png 88467
dem-14-8025-6176.png 91620
dem-14-8025-6177.png 90823
kent-osm.json.gz 521666
dem-14-8025-6178.png 90277
dem-14-8025-6179.png 86136
dem-14-2627-5735.png 46912
dem-14-2627-5736.png 63964
dem-14-2627-5737.png 78018
dem-14-2627-5738.png 78437
dem-14-2628-5735.png 42814
dem-14-2628-5736.png 44821
dem-14-2628-5737.png 64887
dem-14-2628-5738.png 53284
dem-14-2629-5735.png 75617
dem-14-2629-5736.png 77501
dem-14-2629-5737.png 90932
dem-14-2629-5738.png 65480
dem-14-2630-5735.png 87675
dem-14-2630-5736.png 78545
dem-14-2630-5737.png 81940
dem-14-2630-5738.png 92361
madrid-osm.json.gz 6542492
