legacy-gate exit 0 
 RUN  v4.1.11 /home/wslunusn/ShadeMapNavigation


 Test Files  1 passed (1)
      Tests  9 passed (9)
   Start at  15:05:52
   Duration  3.20s (transform 166ms, setup 0ms, import 1.58s, tests 1.48s, environment 0ms)


gate-z17 exit 1 lib/shadowField/__tests__/agreement/agreement.test.ts > shadow field vs pixel sampler > agrees in every city, not just on average 0ms
 ✓ app/lib/shadowField/__tests__/agreement/agreement.test.ts > shadow field vs pixel sampler > is measuring something — the corpus contains real shadow and real sun 189ms
stdout | app/lib/shadowField/__tests__/agreement/agreement.test.ts > shadow field vs pixel sampler, under the canopy fill > reports the same agreement at the fill's own opacity
under canopy fill: shadow-field agreement: 150 cases · mean 3.3pp · p90 14.3pp · worst 75.0pp · severe 3.0% · [madrid 4.9pp, singapore 2.0pp, kent-wa 3.0pp]

 ✓ app/lib/shadowField/__tests__/agreement/agreement.test.ts > shadow field vs pixel sampler, under the canopy fill > reports the same agreement at the fill's own opacity 714ms
 ✓ app/lib/shadowField/__tests__/agreement/agreement.test.ts > shadow field vs pixel sampler, under the canopy fill > reports the same agreement where the fill is solid 715ms
stdout | ../../../tmp/umbra-02c-JMATjA/validity.test.ts > caps invalid receiver share overall and separately in every retained city
{"city":"overall","invalid":360,"total":2020,"share":0.1782178217821782,"ceiling":0.25}
{"city":"madrid","invalid":140,"total":860,"share":0.16279069767441862,"ceiling":0.25}
{"city":"singapore","invalid":140,"total":740,"share":0.1891891891891892,"ceiling":0.25}
{"city":"kent-wa","invalid":80,"total":420,"share":0.19047619047619047,"ceiling":0.25}

 ✓ ../../../tmp/umbra-02c-JMATjA/validity.test.ts > caps invalid receiver share overall and separately in every retained city 837ms

 Test Files  1 failed | 1 passed (2)
      Tests  1 failed | 9 passed (10)
   Start at  15:05:55
   Duration  4.59s (transform 203ms, setup 59ms, import 1.79s, tests 2.47s, environment 0ms)


gate-z18 exit 0 ail rare 0ms
 ✓ app/lib/shadowField/__tests__/agreement/agreement.test.ts > shadow field vs pixel sampler > agrees in every city, not just on average 0ms
 ✓ app/lib/shadowField/__tests__/agreement/agreement.test.ts > shadow field vs pixel sampler > is measuring something — the corpus contains real shadow and real sun 190ms
stdout | app/lib/shadowField/__tests__/agreement/agreement.test.ts > shadow field vs pixel sampler, under the canopy fill > reports the same agreement at the fill's own opacity
under canopy fill: shadow-field agreement: 150 cases · mean 2.9pp · p90 0.0pp · worst 100.0pp · severe 2.7% · [madrid 3.0pp, singapore 1.1pp, kent-wa 4.5pp]

 ✓ app/lib/shadowField/__tests__/agreement/agreement.test.ts > shadow field vs pixel sampler, under the canopy fill > reports the same agreement at the fill's own opacity 726ms
 ✓ app/lib/shadowField/__tests__/agreement/agreement.test.ts > shadow field vs pixel sampler, under the canopy fill > reports the same agreement where the fill is solid 675ms
stdout | ../../../tmp/umbra-02c-JMATjA/validity.test.ts > caps invalid receiver share overall and separately in every retained city
{"city":"overall","invalid":370,"total":2020,"share":0.18316831683168316,"ceiling":0.25}
{"city":"madrid","invalid":140,"total":860,"share":0.16279069767441862,"ceiling":0.25}
{"city":"singapore","invalid":140,"total":740,"share":0.1891891891891892,"ceiling":0.25}
{"city":"kent-wa","invalid":90,"total":420,"share":0.21428571428571427,"ceiling":0.25}

 ✓ ../../../tmp/umbra-02c-JMATjA/validity.test.ts > caps invalid receiver share overall and separately in every retained city 915ms

 Test Files  2 passed (2)
      Tests  10 passed (10)
   Start at  15:06:00
   Duration  4.65s (transform 205ms, setup 57ms, import 1.80s, tests 2.52s, environment 0ms)


gate-z19 exit 0 ail rare 0ms
 ✓ app/lib/shadowField/__tests__/agreement/agreement.test.ts > shadow field vs pixel sampler > agrees in every city, not just on average 0ms
 ✓ app/lib/shadowField/__tests__/agreement/agreement.test.ts > shadow field vs pixel sampler > is measuring something — the corpus contains real shadow and real sun 184ms
stdout | app/lib/shadowField/__tests__/agreement/agreement.test.ts > shadow field vs pixel sampler, under the canopy fill > reports the same agreement at the fill's own opacity
under canopy fill: shadow-field agreement: 150 cases · mean 2.6pp · p90 0.0pp · worst 100.0pp · severe 3.0% · [madrid 3.0pp, singapore 2.1pp, kent-wa 2.8pp]

 ✓ app/lib/shadowField/__tests__/agreement/agreement.test.ts > shadow field vs pixel sampler, under the canopy fill > reports the same agreement at the fill's own opacity 701ms
 ✓ app/lib/shadowField/__tests__/agreement/agreement.test.ts > shadow field vs pixel sampler, under the canopy fill > reports the same agreement where the fill is solid 709ms
stdout | ../../../tmp/umbra-02c-JMATjA/validity.test.ts > caps invalid receiver share overall and separately in every retained city
{"city":"overall","invalid":370,"total":2020,"share":0.18316831683168316,"ceiling":0.25}
{"city":"madrid","invalid":140,"total":860,"share":0.16279069767441862,"ceiling":0.25}
{"city":"singapore","invalid":140,"total":740,"share":0.1891891891891892,"ceiling":0.25}
{"city":"kent-wa","invalid":90,"total":420,"share":0.21428571428571427,"ceiling":0.25}

 ✓ ../../../tmp/umbra-02c-JMATjA/validity.test.ts > caps invalid receiver share overall and separately in every retained city 943ms

 Test Files  2 passed (2)
      Tests  10 passed (10)
   Start at  15:06:05
   Duration  5.15s (transform 212ms, setup 57ms, import 2.26s, tests 2.55s, environment 0ms)


Temporary generated harness: /tmp/umbra-02c-JMATjA
